logs: task cmtornd7100egn1nbppsgokh2...
2026-09-05T18:30:40.260666472 [anonymous-instance:main] Running Firecracker v1.16.1
2026-09-05T18:30:40.260941028 [anonymous-instance:main] Listening on API socket ("/var/lib/baremetal-vps/instances/cmtopxf5800e2n1nbkmow8nat/firecracker.sock").
2026-09-05T18:30:40.267889019 [anonymous-instance:fc_api] API server started.
2026-09-05T18:30:40.360780756 [anonymous-instance:fc_api] The API server received a Put request on "/machine-config" with body "{\"vcpu_count\": 1, \"mem_size_mib\": 16}".
2026-09-05T18:30:40.360851186 [anonymous-instance:fc_api] The request was executed successfully. Status code: 204 No Content.
2026-09-05T18:30:40.361062529 [anonymous-instance:fc_api] The API server received a Put request on "/boot-source" with body "{\"kernel_image_path\": \"/var/lib/baremetal-vps/user-images/8a3dcf8b01aad16635dfbc454573706b1f9dab9369e6b727db798cabcfe0ef1f.bin\", \"boot_args\": \"console=ttyS0 reboot=k panic=1 pci=off ip=172.16.0.12::172.16.0.1:255.255.0.0::eth0:off\"}".
2026-09-05T18:30:40.361127220 [anonymous-instance:fc_api] The request was executed successfully. Status code: 204 No Content.
2026-09-05T18:30:40.361276327 [anonymous-instance:fc_api] The API server received a Put request on "/drives/rootfs" with body "{\"drive_id\": \"rootfs\", \"path_on_host\": \"/var/lib/baremetal-vps/user-images/stub-rootfs.bin\", \"is_root_device\": true, \"is_read_only\": false}".
2026-09-05T18:30:40.361343730 [anonymous-instance:fc_api] The request was executed successfully. Status code: 204 No Content.
2026-09-05T18:30:40.361577524 [anonymous-instance:fc_api] The API server received a Put request on "/network-interfaces/eth0" with body "{\"iface_id\": \"eth0\", \"guest_mac\": \"02:01:31:fa:a6:38\", \"host_dev_name\": \"fc-cmtopxf5800e\"}".
2026-09-05T18:30:40.408310630 [anonymous-instance:fc_api] The request was executed successfully. Status code: 204 No Content.
2026-09-05T18:30:40.408573559 [anonymous-instance:fc_api] The API server received a Put request on "/actions" with body "{\"action_type\": \"InstanceStart\"}".
2026-09-05T18:30:40.436467104 [anonymous-instance:main] Artificially kick devices
2026-09-05T18:30:40.437919842 [anonymous-instance:fc_vcpu 0] Received a VcpuEvent::Resume message with immediate_exit enabled. immediate_exit was disabled before proceeding
2026-09-05T18:30:40.439813488 [anonymous-instance:fc_api] The request was executed successfully. Status code: 204 No Content.
========================================
BareMetal Firecracker - Starting Payload
========================================
WORKER_START slice=w2 m=[101155000000,101260000000) n=296181 primorial=2357# k=6 j=1 digits=1011
WORKER_SELFTEST chain_from_89=6 expect=6 ok
WORKER_PROGRESS slice=w2 done=100 of=296181 best=1
WORKER_PROGRESS slice=w2 done=200 of=296181 best=1
WORKER_PROGRESS slice=w2 done=300 of=296181 best=1
WORKER_PROGRESS slice=w2 done=400 of=296181 best=1
WORKER_PROGRESS slice=w2 done=500 of=296181 best=1
WORKER_PROGRESS slice=w2 done=600 of=296181 best=1
WORKER_PROGRESS slice=w2 done=700 of=296181 best=2
WORKER_PROGRESS slice=w2 done=800 of=296181 best=2
WORKER_PROGRESS slice=w2 done=900 of=296181 best=2
WORKER_PROGRESS slice=w2 done=1000 of=296181 best=2
WORKER_PROGRESS slice=w2 done=1100 of=296181 best=2
WORKER_PROGRESS slice=w2 done=1200 of=296181 best=2
WORKER_PROGRESS slice=w2 done=1300 of=296181 best=2
WORKER_PROGRESS slice=w2 done=1400 of=296181 best=2
WORKER_PROGRESS slice=w2 done=1500 of=296181 best=2
WORKER_PROGRESS slice=w2 done=1600 of=296181 best=2
WORKER_PROGRESS slice=w2 done=1700 of=296181 best=2
WORKER_PROGRESS slice=w2 done=1800 of=296181 best=2
WORKER_PROGRESS slice=w2 done=1900 of=296181 best=2
WORKER_PROGRESS slice=w2 done=2000 of=296181 best=2
WORKER_PROGRESS slice=w2 done=2100 of=296181 best=2
WORKER_PROGRESS slice=w2 done=2200 of=296181 best=2
WORKER_PROGRESS slice=w2 done=2300 of=296181 best=2
WORKER_PROGRESS slice=w2 done=2400 of=296181 best=2
WORKER_PROGRESS slice=w2 done=2500 of=296181 best=2
WORKER_PROGRESS slice=w2 done=2600 of=296181 best=2
WORKER_PROGRESS slice=w2 done=2700 of=296181 best=2
WORKER_PROGRESS slice=w2 done=2800 of=296181 best=2
WORKER_PROGRESS slice=w2 done=2900 of=296181 best=2
WORKER_PROGRESS slice=w2 done=3000 of=296181 best=2
WORKER_PROGRESS slice=w2 done=3100 of=296181 best=2
WORKER_PROGRESS slice=w2 done=3200 of=296181 best=2
WORKER_PROGRESS slice=w2 done=3300 of=296181 best=2
WORKER_PROGRESS slice=w2 done=3400 of=296181 best=2
WORKER_PROGRESS slice=w2 done=3500 of=296181 best=2
WORKER_PROGRESS slice=w2 done=3600 of=296181 best=2
WORKER_PROGRESS slice=w2 done=3700 of=296181 best=2
WORKER_PROGRESS slice=w2 done=3800 of=296181 best=2
WORKER_PROGRESS slice=w2 done=3900 of=296181 best=2
WORKER_PROGRESS slice=w2 done=4000 of=296181 best=2
WORKER_PROGRESS slice=w2 done=4100 of=296181 best=2
WORKER_PROGRESS slice=w2 done=4200 of=296181 best=2
WORKER_PROGRESS slice=w2 done=4300 of=296181 best=2
WORKER_PROGRESS slice=w2 done=4400 of=296181 best=2
WORKER_PROGRESS slice=w2 done=4500 of=296181 best=2
WORKER_PROGRESS slice=w2 done=4600 of=296181 best=2
WORKER_PROGRESS slice=w2 done=4700 of=296181 best=2
WORKER_PROGRESS slice=w2 done=4800 of=296181 best=2
WORKER_PROGRESS slice=w2 done=4900 of=296181 best=2
WORKER_PROGRESS slice=w2 done=5000 of=296181 best=2
WORKER_PROGRESS slice=w2 done=5100 of=296181 best=2
WORKER_PROGRESS slice=w2 done=5200 of=296181 best=2
WORKER_PROGRESS slice=w2 done=5300 of=296181 best=2
WORKER_PROGRESS slice=w2 done=5400 of=296181 best=2
WORKER_PROGRESS slice=w2 done=5500 of=296181 best=2
WORKER_PROGRESS slice=w2 done=5600 of=296181 best=2
WORKER_PROGRESS slice=w2 done=5700 of=296181 best=2
WORKER_PROGRESS slice=w2 done=5800 of=296181 best=2
WORKER_PROGRESS slice=w2 done=5900 of=296181 best=2
WORKER_PROGRESS slice=w2 done=6000 of=296181 best=2
WORKER_PROGRESS slice=w2 done=6100 of=296181 best=2
WORKER_PROGRESS slice=w2 done=6200 of=296181 best=2
WORKER_PROGRESS slice=w2 done=6300 of=296181 best=2
WORKER_PROGRESS slice=w2 done=6400 of=296181 best=2
WORKER_PROGRESS slice=w2 done=6500 of=296181 best=2
WORKER_PROGRESS slice=w2 done=6600 of=296181 best=2
WORKER_PROGRESS slice=w2 done=6700 of=296181 best=2
WORKER_PROGRESS slice=w2 done=6800 of=296181 best=2
WORKER_PROGRESS slice=w2 done=6900 of=296181 best=2
WORKER_PROGRESS slice=w2 done=7000 of=296181 best=2
WORKER_PROGRESS slice=w2 done=7100 of=296181 best=2
WORKER_PROGRESS slice=w2 done=7200 of=296181 best=2
WORKER_PROGRESS slice=w2 done=7300 of=296181 best=2
WORKER_PROGRESS slice=w2 done=7400 of=296181 best=2
WORKER_PROGRESS slice=w2 done=7500 of=296181 best=2
WORKER_PROGRESS slice=w2 done=7600 of=296181 best=2
WORKER_PROGRESS slice=w2 done=7700 of=296181 best=2
WORKER_PROGRESS slice=w2 done=7800 of=296181 best=2
WORKER_PROGRESS slice=w2 done=7900 of=296181 best=2
WORKER_PROGRESS slice=w2 done=8000 of=296181 best=2
WORKER_PROGRESS slice=w2 done=8100 of=296181 best=2
WORKER_PROGRESS slice=w2 done=8200 of=296181 best=2
WORKER_PROGRESS slice=w2 done=8300 of=296181 best=2
WORKER_PROGRESS slice=w2 done=8400 of=296181 best=2
WORKER_PROGRESS slice=w2 done=8500 of=296181 best=2
WORKER_PROGRESS slice=w2 done=8600 of=296181 best=2
WORKER_PROGRESS slice=w2 done=8700 of=296181 best=2
WORKER_PROGRESS slice=w2 done=8800 of=296181 best=2
WORKER_PROGRESS slice=w2 done=8900 of=296181 best=2
WORKER_PROGRESS slice=w2 done=9000 of=296181 best=2
WORKER_PROGRESS slice=w2 done=9100 of=296181 best=2
WORKER_PROGRESS slice=w2 done=9200 of=296181 best=2
WORKER_PROGRESS slice=w2 done=9300 of=296181 best=2
WORKER_PROGRESS slice=w2 done=9400 of=296181 best=2
WORKER_PROGRESS slice=w2 done=9500 of=296181 best=2
WORKER_PROGRESS slice=w2 done=9600 of=296181 best=2
WORKER_PROGRESS slice=w2 done=9700 of=296181 best=2
WORKER_PROGRESS slice=w2 done=9800 of=296181 best=2
WORKER_PROGRESS slice=w2 done=9900 of=296181 best=2
WORKER_PROGRESS slice=w2 done=10000 of=296181 best=2
WORKER_PROGRESS slice=w2 done=10100 of=296181 best=2
WORKER_PROGRESS slice=w2 done=10200 of=296181 best=2
WORKER_PROGRESS slice=w2 done=10300 of=296181 best=2
WORKER_PROGRESS slice=w2 done=10400 of=296181 best=2
WORKER_PROGRESS slice=w2 done=10500 of=296181 best=2
WORKER_PROGRESS slice=w2 done=10600 of=296181 best=2
WORKER_PROGRESS slice=w2 done=10700 of=296181 best=2
WORKER_PROGRESS slice=w2 done=10800 of=296181 best=2
WORKER_PROGRESS slice=w2 done=10900 of=296181 best=2
WORKER_PROGRESS slice=w2 done=11000 of=296181 best=2
WORKER_PROGRESS slice=w2 done=11100 of=296181 best=2
WORKER_PROGRESS slice=w2 done=11200 of=296181 best=2
WORKER_PROGRESS slice=w2 done=11300 of=296181 best=2
WORKER_PROGRESS slice=w2 done=11400 of=296181 best=2
WORKER_PROGRESS slice=w2 done=11500 of=296181 best=2
WORKER_PROGRESS slice=w2 done=11600 of=296181 best=2
WORKER_PROGRESS slice=w2 done=11700 of=296181 best=2
WORKER_PROGRESS slice=w2 done=11800 of=296181 best=2
WORKER_PROGRESS slice=w2 done=11900 of=296181 best=2
WORKER_PROGRESS slice=w2 done=12000 of=296181 best=2
WORKER_PROGRESS slice=w2 done=12100 of=296181 best=2
WORKER_PROGRESS slice=w2 done=12200 of=296181 best=2
WORKER_PROGRESS slice=w2 done=12300 of=296181 best=2
WORKER_PROGRESS slice=w2 done=12400 of=296181 best=2
WORKER_PROGRESS slice=w2 done=12500 of=296181 best=2
WORKER_PROGRESS slice=w2 done=12600 of=296181 best=2
WORKER_PROGRESS slice=w2 done=12700 of=296181 best=2
WORKER_PROGRESS slice=w2 done=12800 of=296181 best=2
WORKER_PROGRESS slice=w2 done=12900 of=296181 best=2
WORKER_PROGRESS slice=w2 done=13000 of=296181 best=2
WORKER_PROGRESS slice=w2 done=13100 of=296181 best=2
WORKER_PROGRESS slice=w2 done=13200 of=296181 best=2
WORKER_PROGRESS slice=w2 done=13300 of=296181 best=2
WORKER_PROGRESS slice=w2 done=13400 of=296181 best=2
WORKER_PROGRESS slice=w2 done=13500 of=296181 best=2
WORKER_PROGRESS slice=w2 done=13600 of=296181 best=2
WORKER_PROGRESS slice=w2 done=13700 of=296181 best=2
WORKER_PROGRESS slice=w2 done=13800 of=296181 best=2
WORKER_PROGRESS slice=w2 done=13900 of=296181 best=2
WORKER_PROGRESS slice=w2 done=14000 of=296181 best=2
WORKER_PROGRESS slice=w2 done=14100 of=296181 best=2
WORKER_PROGRESS slice=w2 done=14200 of=296181 best=2
WORKER_PROGRESS slice=w2 done=14300 of=296181 best=2
WORKER_PROGRESS slice=w2 done=14400 of=296181 best=2
WORKER_PROGRESS slice=w2 done=14500 of=296181 best=2
WORKER_PROGRESS slice=w2 done=14600 of=296181 best=2
WORKER_PROGRESS slice=w2 done=14700 of=296181 best=2
WORKER_PROGRESS slice=w2 done=14800 of=296181 best=2
WORKER_PROGRESS slice=w2 done=14900 of=296181 best=2
WORKER_PROGRESS slice=w2 done=15000 of=296181 best=2
WORKER_PROGRESS slice=w2 done=15100 of=296181 best=2
WORKER_PROGRESS slice=w2 done=15200 of=296181 best=2
WORKER_PROGRESS slice=w2 done=15300 of=296181 best=2
WORKER_PROGRESS slice=w2 done=15400 of=296181 best=2
WORKER_PROGRESS slice=w2 done=15500 of=296181 best=2
WORKER_PROGRESS slice=w2 done=15600 of=296181 best=2
WORKER_PROGRESS slice=w2 done=15700 of=296181 best=2
WORKER_PROGRESS slice=w2 done=15800 of=296181 best=2
WORKER_PROGRESS slice=w2 done=15900 of=296181 best=2
WORKER_PROGRESS slice=w2 done=16000 of=296181 best=2
WORKER_PROGRESS slice=w2 done=16100 of=296181 best=2
WORKER_PROGRESS slice=w2 done=16200 of=296181 best=2
WORKER_PROGRESS slice=w2 done=16300 of=296181 best=2
WORKER_PROGRESS slice=w2 done=16400 of=296181 best=2
WORKER_PROGRESS slice=w2 done=16500 of=296181 best=2
WORKER_PROGRESS slice=w2 done=16600 of=296181 best=2
WORKER_PROGRESS slice=w2 done=16700 of=296181 best=2
WORKER_PROGRESS slice=w2 done=16800 of=296181 best=2
WORKER_PROGRESS slice=w2 done=16900 of=296181 best=2
WORKER_PROGRESS slice=w2 done=17000 of=296181 best=2
WORKER_PROGRESS slice=w2 done=17100 of=296181 best=2
WORKER_PROGRESS slice=w2 done=17200 of=296181 best=2
WORKER_PROGRESS slice=w2 done=17300 of=296181 best=2
WORKER_PROGRESS slice=w2 done=17400 of=296181 best=2
WORKER_PROGRESS slice=w2 done=17500 of=296181 best=2
WORKER_PROGRESS slice=w2 done=17600 of=296181 best=2
WORKER_PROGRESS slice=w2 done=17700 of=296181 best=2
WORKER_PROGRESS slice=w2 done=17800 of=296181 best=2
WORKER_PROGRESS slice=w2 done=17900 of=296181 best=2
WORKER_PROGRESS slice=w2 done=18000 of=296181 best=2
WORKER_PROGRESS slice=w2 done=18100 of=296181 best=2
WORKER_PROGRESS slice=w2 done=18200 of=296181 best=2
WORKER_PROGRESS slice=w2 done=18300 of=296181 best=2
WORKER_PROGRESS slice=w2 done=18400 of=296181 best=2
WORKER_PROGRESS slice=w2 done=18500 of=296181 best=2
WORKER_PROGRESS slice=w2 done=18600 of=296181 best=2
WORKER_PROGRESS slice=w2 done=18700 of=296181 best=2
WORKER_PROGRESS slice=w2 done=18800 of=296181 best=2
WORKER_PROGRESS slice=w2 done=18900 of=296181 best=2
WORKER_PROGRESS slice=w2 done=19000 of=296181 best=2
WORKER_PROGRESS slice=w2 done=19100 of=296181 best=2
WORKER_PROGRESS slice=w2 done=19200 of=296181 best=2
WORKER_PROGRESS slice=w2 done=19300 of=296181 best=2
WORKER_PROGRESS slice=w2 done=19400 of=296181 best=2
WORKER_PROGRESS slice=w2 done=19500 of=296181 best=2
WORKER_PROGRESS slice=w2 done=19600 of=296181 best=2
WORKER_PROGRESS slice=w2 done=19700 of=296181 best=2
WORKER_PROGRESS slice=w2 done=19800 of=296181 best=2
WORKER_PROGRESS slice=w2 done=19900 of=296181 best=2
WORKER_PROGRESS slice=w2 done=20000 of=296181 best=2
WORKER_PROGRESS slice=w2 done=20100 of=296181 best=2
WORKER_PROGRESS slice=w2 done=20200 of=296181 best=2
WORKER_PROGRESS slice=w2 done=20300 of=296181 best=2
WORKER_PROGRESS slice=w2 done=20400 of=296181 best=2
WORKER_PROGRESS slice=w2 done=20500 of=296181 best=2
WORKER_PROGRESS slice=w2 done=20600 of=296181 best=2
WORKER_PROGRESS slice=w2 done=20700 of=296181 best=2
WORKER_PROGRESS slice=w2 done=20800 of=296181 best=2
WORKER_PROGRESS slice=w2 done=20900 of=296181 best=2
WORKER_PROGRESS slice=w2 done=21000 of=296181 best=2
WORKER_PROGRESS slice=w2 done=21100 of=296181 best=2
WORKER_PROGRESS slice=w2 done=21200 of=296181 best=2
WORKER_PROGRESS slice=w2 done=21300 of=296181 best=2
WORKER_PROGRESS slice=w2 done=21400 of=296181 best=2
WORKER_PROGRESS slice=w2 done=21500 of=296181 best=2
WORKER_PROGRESS slice=w2 done=21600 of=296181 best=2
WORKER_PROGRESS slice=w2 done=21700 of=296181 best=2
WORKER_PROGRESS slice=w2 done=21800 of=296181 best=2
WORKER_PROGRESS slice=w2 done=21900 of=296181 best=2
WORKER_PROGRESS slice=w2 done=22000 of=296181 best=2
WORKER_PROGRESS slice=w2 done=22100 of=296181 best=2
WORKER_PROGRESS slice=w2 done=22200 of=296181 best=2
WORKER_PROGRESS slice=w2 done=22300 of=296181 best=2
WORKER_PROGRESS slice=w2 done=22400 of=296181 best=2
WORKER_PROGRESS slice=w2 done=22500 of=296181 best=2
WORKER_PROGRESS slice=w2 done=22600 of=296181 best=2
WORKER_PROGRESS slice=w2 done=22700 of=296181 best=2
WORKER_PROGRESS slice=w2 done=22800 of=296181 best=2
WORKER_PROGRESS slice=w2 done=22900 of=296181 best=2
WORKER_PROGRESS slice=w2 done=23000 of=296181 best=2
WORKER_PROGRESS slice=w2 done=23100 of=296181 best=2
WORKER_PROGRESS slice=w2 done=23200 of=296181 best=2
WORKER_PROGRESS slice=w2 done=23300 of=296181 best=2
WORKER_PROGRESS slice=w2 done=23400 of=296181 best=2
WORKER_PROGRESS slice=w2 done=23500 of=296181 best=2
WORKER_PROGRESS slice=w2 done=23600 of=296181 best=2
WORKER_PROGRESS slice=w2 done=23700 of=296181 best=2
WORKER_PROGRESS slice=w2 done=23800 of=296181 best=2
WORKER_PROGRESS slice=w2 done=23900 of=296181 best=2
WORKER_PROGRESS slice=w2 done=24000 of=296181 best=2
WORKER_PROGRESS slice=w2 done=24100 of=296181 best=2
WORKER_PROGRESS slice=w2 done=24200 of=296181 best=2
WORKER_PROGRESS slice=w2 done=24300 of=296181 best=2
WORKER_PROGRESS slice=w2 done=24400 of=296181 best=2
WORKER_PROGRESS slice=w2 done=24500 of=296181 best=2
WORKER_PROGRESS slice=w2 done=24600 of=296181 best=2
WORKER_PROGRESS slice=w2 done=24700 of=296181 best=2
WORKER_PROGRESS slice=w2 done=24800 of=296181 best=2
WORKER_PROGRESS slice=w2 done=24900 of=296181 best=2
WORKER_PROGRESS slice=w2 done=25000 of=296181 best=2
WORKER_PROGRESS slice=w2 done=25100 of=296181 best=2
WORKER_PROGRESS slice=w2 done=25200 of=296181 best=2
WORKER_PROGRESS slice=w2 done=25300 of=296181 best=2
WORKER_PROGRESS slice=w2 done=25400 of=296181 best=2
WORKER_PROGRESS slice=w2 done=25500 of=296181 best=2
WORKER_PROGRESS slice=w2 done=25600 of=296181 best=2
WORKER_PROGRESS slice=w2 done=25700 of=296181 best=2
WORKER_PROGRESS slice=w2 done=25800 of=296181 best=2
WORKER_PROGRESS slice=w2 done=25900 of=296181 best=2
WORKER_PROGRESS slice=w2 done=26000 of=296181 best=2
WORKER_PROGRESS slice=w2 done=26100 of=296181 best=2
WORKER_PROGRESS slice=w2 done=26200 of=296181 best=2
WORKER_PROGRESS slice=w2 done=26300 of=296181 best=2
WORKER_PROGRESS slice=w2 done=26400 of=296181 best=2
WORKER_PROGRESS slice=w2 done=26500 of=296181 best=2
WORKER_PROGRESS slice=w2 done=26600 of=296181 best=2
WORKER_PROGRESS slice=w2 done=26700 of=296181 best=2
WORKER_PROGRESS slice=w2 done=26800 of=296181 best=2
WORKER_PROGRESS slice=w2 done=26900 of=296181 best=2
WORKER_PROGRESS slice=w2 done=27000 of=296181 best=2
WORKER_PROGRESS slice=w2 done=27100 of=296181 best=2
WORKER_PROGRESS slice=w2 done=27200 of=296181 best=2
WORKER_PROGRESS slice=w2 done=27300 of=296181 best=2
WORKER_PROGRESS slice=w2 done=27400 of=296181 best=2
WORKER_PROGRESS slice=w2 done=27500 of=296181 best=2
WORKER_PROGRESS slice=w2 done=27600 of=296181 best=2
WORKER_PROGRESS slice=w2 done=27700 of=296181 best=2
WORKER_PROGRESS slice=w2 done=27800 of=296181 best=2
WORKER_PROGRESS slice=w2 done=27900 of=296181 best=2
WORKER_PROGRESS slice=w2 done=28000 of=296181 best=2
WORKER_PROGRESS slice=w2 done=28100 of=296181 best=2
WORKER_PROGRESS slice=w2 done=28200 of=296181 best=2
WORKER_PROGRESS slice=w2 done=28300 of=296181 best=2
WORKER_PROGRESS slice=w2 done=28400 of=296181 best=2
WORKER_PROGRESS slice=w2 done=28500 of=296181 best=2
WORKER_PROGRESS slice=w2 done=28600 of=296181 best=2
WORKER_PROGRESS slice=w2 done=28700 of=296181 best=2
WORKER_PROGRESS slice=w2 done=28800 of=296181 best=2
WORKER_PROGRESS slice=w2 done=28900 of=296181 best=2
WORKER_PROGRESS slice=w2 done=29000 of=296181 best=2
WORKER_PROGRESS slice=w2 done=29100 of=296181 best=2
WORKER_PROGRESS slice=w2 done=29200 of=296181 best=2
WORKER_PROGRESS slice=w2 done=29300 of=296181 best=2
WORKER_PROGRESS slice=w2 done=29400 of=296181 best=2
WORKER_PROGRESS slice=w2 done=29500 of=296181 best=2
WORKER_PROGRESS slice=w2 done=29600 of=296181 best=2
WORKER_PROGRESS slice=w2 done=29700 of=296181 best=2
WORKER_PROGRESS slice=w2 done=29800 of=296181 best=2
WORKER_PROGRESS slice=w2 done=29900 of=296181 best=2
WORKER_PROGRESS slice=w2 done=30000 of=296181 best=2
WORKER_PROGRESS slice=w2 done=30100 of=296181 best=2
WORKER_PROGRESS slice=w2 done=30200 of=296181 best=2
WORKER_PROGRESS slice=w2 done=30300 of=296181 best=2
WORKER_PROGRESS slice=w2 done=30400 of=296181 best=2
WORKER_PROGRESS slice=w2 done=30500 of=296181 best=2
WORKER_PROGRESS slice=w2 done=30600 of=296181 best=2
WORKER_PROGRESS slice=w2 done=30700 of=296181 best=2
WORKER_PROGRESS slice=w2 done=30800 of=296181 best=2
WORKER_PROGRESS slice=w2 done=30900 of=296181 best=2
WORKER_PROGRESS slice=w2 done=31000 of=296181 best=2
WORKER_PROGRESS slice=w2 done=31100 of=296181 best=2
WORKER_PROGRESS slice=w2 done=31200 of=296181 best=2
WORKER_PROGRESS slice=w2 done=31300 of=296181 best=2
WORKER_PROGRESS slice=w2 done=31400 of=296181 best=2
WORKER_PROGRESS slice=w2 done=31500 of=296181 best=2
WORKER_PROGRESS slice=w2 done=31600 of=296181 best=2
WORKER_PROGRESS slice=w2 done=31700 of=296181 best=2
WORKER_PROGRESS slice=w2 done=31800 of=296181 best=2
WORKER_PROGRESS slice=w2 done=31900 of=296181 best=2
WORKER_PROGRESS slice=w2 done=32000 of=296181 best=2
WORKER_PROGRESS slice=w2 done=32100 of=296181 best=2
WORKER_PROGRESS slice=w2 done=32200 of=296181 best=2
WORKER_PROGRESS slice=w2 done=32300 of=296181 best=2
WORKER_HIT slice=w2 m=101166452344 len=3 confirmed=3
WORKER_PROGRESS slice=w2 done=32400 of=296181 best=3
WORKER_PROGRESS slice=w2 done=32500 of=296181 best=3
WORKER_PROGRESS slice=w2 done=32600 of=296181 best=3
WORKER_PROGRESS slice=w2 done=32700 of=296181 best=3
WORKER_PROGRESS slice=w2 done=32800 of=296181 best=3
WORKER_PROGRESS slice=w2 done=32900 of=296181 best=3
WORKER_PROGRESS slice=w2 done=33000 of=296181 best=3
WORKER_PROGRESS slice=w2 done=33100 of=296181 best=3
WORKER_PROGRESS slice=w2 done=33200 of=296181 best=3
WORKER_PROGRESS slice=w2 done=33300 of=296181 best=3
WORKER_PROGRESS slice=w2 done=33400 of=296181 best=3
WORKER_PROGRESS slice=w2 done=33500 of=296181 best=3
WORKER_PROGRESS slice=w2 done=33600 of=296181 best=3
WORKER_PROGRESS slice=w2 done=33700 of=296181 best=3
WORKER_PROGRESS slice=w2 done=33800 of=296181 best=3
WORKER_PROGRESS slice=w2 done=33900 of=296181 best=3
WORKER_PROGRESS slice=w2 done=34000 of=296181 best=3
WORKER_PROGRESS slice=w2 done=34100 of=296181 best=3
WORKER_PROGRESS slice=w2 done=34200 of=296181 best=3
WORKER_PROGRESS slice=w2 done=34300 of=296181 best=3
WORKER_PROGRESS slice=w2 done=34400 of=296181 best=3
WORKER_PROGRESS slice=w2 done=34500 of=296181 best=3
WORKER_PROGRESS slice=w2 done=34600 of=296181 best=3
WORKER_PROGRESS slice=w2 done=34700 of=296181 best=3
WORKER_PROGRESS slice=w2 done=34800 of=296181 best=3
WORKER_PROGRESS slice=w2 done=34900 of=296181 best=3
WORKER_PROGRESS slice=w2 done=35000 of=296181 best=3
WORKER_PROGRESS slice=w2 done=35100 of=296181 best=3
WORKER_PROGRESS slice=w2 done=35200 of=296181 best=3
WORKER_PROGRESS slice=w2 done=35300 of=296181 best=3
WORKER_PROGRESS slice=w2 done=35400 of=296181 best=3
WORKER_PROGRESS slice=w2 done=35500 of=296181 best=3
WORKER_PROGRESS slice=w2 done=35600 of=296181 best=3
WORKER_PROGRESS slice=w2 done=35700 of=296181 best=3
WORKER_PROGRESS slice=w2 done=35800 of=296181 best=3
WORKER_PROGRESS slice=w2 done=35900 of=296181 best=3
WORKER_PROGRESS slice=w2 done=36000 of=296181 best=3
WORKER_HIT slice=w2 m=101167768232 len=3 confirmed=3
WORKER_PROGRESS slice=w2 done=36100 of=296181 best=3
WORKER_PROGRESS slice=w2 done=36200 of=296181 best=3
WORKER_PROGRESS slice=w2 done=36300 of=296181 best=3
WORKER_PROGRESS slice=w2 done=36400 of=296181 best=3
WORKER_PROGRESS slice=w2 done=36500 of=296181 best=3
WORKER_PROGRESS slice=w2 done=36600 of=296181 best=3
WORKER_PROGRESS slice=w2 done=36700 of=296181 best=3
WORKER_PROGRESS slice=w2 done=36800 of=296181 best=3
WORKER_PROGRESS slice=w2 done=36900 of=296181 best=3
WORKER_PROGRESS slice=w2 done=37000 of=296181 best=3
WORKER_PROGRESS slice=w2 done=37100 of=296181 best=3
WORKER_PROGRESS slice=w2 done=37200 of=296181 best=3
WORKER_PROGRESS slice=w2 done=37300 of=296181 best=3
WORKER_PROGRESS slice=w2 done=37400 of=296181 best=3
WORKER_PROGRESS slice=w2 done=37500 of=296181 best=3
WORKER_PROGRESS slice=w2 done=37600 of=296181 best=3
WORKER_PROGRESS slice=w2 done=37700 of=296181 best=3
WORKER_PROGRESS slice=w2 done=37800 of=296181 best=3
WORKER_PROGRESS slice=w2 done=37900 of=296181 best=3
WORKER_PROGRESS slice=w2 done=38000 of=296181 best=3
WORKER_PROGRESS slice=w2 done=38100 of=296181 best=3
WORKER_PROGRESS slice=w2 done=38200 of=296181 best=3
WORKER_PROGRESS slice=w2 done=38300 of=296181 best=3
WORKER_PROGRESS slice=w2 done=38400 of=296181 best=3
WORKER_PROGRESS slice=w2 done=38500 of=296181 best=3
WORKER_PROGRESS slice=w2 done=38600 of=296181 best=3
WORKER_PROGRESS slice=w2 done=38700 of=296181 best=3
WORKER_PROGRESS slice=w2 done=38800 of=296181 best=3
WORKER_PROGRESS slice=w2 done=38900 of=296181 best=3
WORKER_PROGRESS slice=w2 done=39000 of=296181 best=3
WORKER_PROGRESS slice=w2 done=39100 of=296181 best=3
WORKER_PROGRESS slice=w2 done=39200 of=296181 best=3
WORKER_PROGRESS slice=w2 done=39300 of=296181 best=3
WORKER_PROGRESS slice=w2 done=39400 of=296181 best=3
WORKER_PROGRESS slice=w2 done=39500 of=296181 best=3
WORKER_PROGRESS slice=w2 done=39600 of=296181 best=3
WORKER_PROGRESS slice=w2 done=39700 of=296181 best=3
WORKER_PROGRESS slice=w2 done=39800 of=296181 best=3
WORKER_PROGRESS slice=w2 done=39900 of=296181 best=3
WORKER_PROGRESS slice=w2 done=40000 of=296181 best=3
WORKER_PROGRESS slice=w2 done=40100 of=296181 best=3
WORKER_PROGRESS slice=w2 done=40200 of=296181 best=3
WORKER_PROGRESS slice=w2 done=40300 of=296181 best=3
WORKER_PROGRESS slice=w2 done=40400 of=296181 best=3
WORKER_PROGRESS slice=w2 done=40500 of=296181 best=3
WORKER_PROGRESS slice=w2 done=40600 of=296181 best=3
WORKER_PROGRESS slice=w2 done=40700 of=296181 best=3
WORKER_PROGRESS slice=w2 done=40800 of=296181 best=3
WORKER_PROGRESS slice=w2 done=40900 of=296181 best=3
WORKER_PROGRESS slice=w2 done=41000 of=296181 best=3
WORKER_PROGRESS slice=w2 done=41100 of=296181 best=3
WORKER_PROGRESS slice=w2 done=41200 of=296181 best=3
WORKER_PROGRESS slice=w2 done=41300 of=296181 best=3
WORKER_PROGRESS slice=w2 done=41400 of=296181 best=3
WORKER_PROGRESS slice=w2 done=41500 of=296181 best=3
WORKER_PROGRESS slice=w2 done=41600 of=296181 best=3
WORKER_PROGRESS slice=w2 done=41700 of=296181 best=3
WORKER_PROGRESS slice=w2 done=41800 of=296181 best=3
WORKER_PROGRESS slice=w2 done=41900 of=296181 best=3
WORKER_PROGRESS slice=w2 done=42000 of=296181 best=3
WORKER_PROGRESS slice=w2 done=42100 of=296181 best=3
WORKER_PROGRESS slice=w2 done=42200 of=296181 best=3
WORKER_PROGRESS slice=w2 done=42300 of=296181 best=3
WORKER_PROGRESS slice=w2 done=42400 of=296181 best=3
WORKER_PROGRESS slice=w2 done=42500 of=296181 best=3
WORKER_PROGRESS slice=w2 done=42600 of=296181 best=3
WORKER_PROGRESS slice=w2 done=42700 of=296181 best=3
WORKER_PROGRESS slice=w2 done=42800 of=296181 best=3
WORKER_PROGRESS slice=w2 done=42900 of=296181 best=3
WORKER_PROGRESS slice=w2 done=43000 of=296181 best=3
WORKER_PROGRESS slice=w2 done=43100 of=296181 best=3
WORKER_PROGRESS slice=w2 done=43200 of=296181 best=3
WORKER_PROGRESS slice=w2 done=43300 of=296181 best=3
WORKER_PROGRESS slice=w2 done=43400 of=296181 best=3
WORKER_PROGRESS slice=w2 done=43500 of=296181 best=3
WORKER_PROGRESS slice=w2 done=43600 of=296181 best=3
WORKER_PROGRESS slice=w2 done=43700 of=296181 best=3
WORKER_PROGRESS slice=w2 done=43800 of=296181 best=3
WORKER_PROGRESS slice=w2 done=43900 of=296181 best=3
WORKER_PROGRESS slice=w2 done=44000 of=296181 best=3
WORKER_PROGRESS slice=w2 done=44100 of=296181 best=3
WORKER_PROGRESS slice=w2 done=44200 of=296181 best=3
WORKER_PROGRESS slice=w2 done=44300 of=296181 best=3
WORKER_PROGRESS slice=w2 done=44400 of=296181 best=3
WORKER_PROGRESS slice=w2 done=44500 of=296181 best=3
WORKER_PROGRESS slice=w2 done=44600 of=296181 best=3
WORKER_PROGRESS slice=w2 done=44700 of=296181 best=3
WORKER_PROGRESS slice=w2 done=44800 of=296181 best=3
WORKER_PROGRESS slice=w2 done=44900 of=296181 best=3
WORKER_PROGRESS slice=w2 done=45000 of=296181 best=3
WORKER_PROGRESS slice=w2 done=45100 of=296181 best=3
WORKER_PROGRESS slice=w2 done=45200 of=296181 best=3
WORKER_PROGRESS slice=w2 done=45300 of=296181 best=3
WORKER_PROGRESS slice=w2 done=45400 of=296181 best=3
WORKER_PROGRESS slice=w2 done=45500 of=296181 best=3
WORKER_PROGRESS slice=w2 done=45600 of=296181 best=3
WORKER_PROGRESS slice=w2 done=45700 of=296181 best=3
WORKER_PROGRESS slice=w2 done=45800 of=296181 best=3
WORKER_PROGRESS slice=w2 done=45900 of=296181 best=3
WORKER_PROGRESS slice=w2 done=46000 of=296181 best=3
WORKER_PROGRESS slice=w2 done=46100 of=296181 best=3
WORKER_PROGRESS slice=w2 done=46200 of=296181 best=3
WORKER_PROGRESS slice=w2 done=46300 of=296181 best=3
WORKER_PROGRESS slice=w2 done=46400 of=296181 best=3
WORKER_PROGRESS slice=w2 done=46500 of=296181 best=3
WORKER_PROGRESS slice=w2 done=46600 of=296181 best=3
WORKER_PROGRESS slice=w2 done=46700 of=296181 best=3

