ACO_START worker=0 instance=pcb442 n=442 optimum=50778 beta=2 ants=25 cache=1 ls=1 seed=1 static_bytes=1197378
ACO_MIGRATE_IN worker=0 iters=1000 adopted=51759
ACO_MIGRATE_OUT worker=0 iters=1000 published=51759
ACO_MIGRATE_OUT worker=0 iters=1500 published=51757
ACO_PROGRESS worker=0 instance=pcb442 seed=1 iters=2000 best=51757 gap_bp=192
ACO_MIGRATE_OUT worker=0 iters=3000 published=51757
ACO_MIGRATE_IN worker=0 iters=3500 adopted=51617
ACO_MIGRATE_OUT worker=0 iters=3500 published=51617
ACO_PROGRESS worker=0 instance=pcb442 seed=1 iters=4000 best=51617 gap_bp=165
ACO_MIGRATE_OUT worker=0 iters=4500 published=51617
ACO_MIGRATE_IN worker=0 iters=5500 adopted=51477
ACO_MIGRATE_OUT worker=0 iters=5500 published=51477
ACO_MIGRATE_OUT worker=0 iters=6000 published=51477
ACO_PROGRESS worker=0 instance=pcb442 seed=1 iters=6000 best=51477 gap_bp=137
ACO_MIGRATE_OUT worker=0 iters=6500 published=51477
ACO_MIGRATE_OUT worker=0 iters=7000 published=51477
ACO_MIGRATE_OUT worker=0 iters=7500 published=51477
ACO_MIGRATE_OUT worker=0 iters=8000 published=51477
ACO_PROGRESS worker=0 instance=pcb442 seed=1 iters=8000 best=51477 gap_bp=137
ACO_MIGRATE_OUT worker=0 iters=9000 published=51477
ACO_MIGRATE_OUT worker=0 iters=9500 published=51477
ACO_PROGRESS worker=0 instance=pcb442 seed=1 iters=10000 best=51477 gap_bp=137
ACO_MIGRATE_OUT worker=0 iters=11500 published=51477
ACO_MIGRATE_OUT worker=0 iters=12000 published=51477
ACO_PROGRESS worker=0 instance=pcb442 seed=1 iters=12000 best=51477 gap_bp=137
ACO_MIGRATE_OUT worker=0 iters=12500 published=51477
ACO_MIGRATE_OUT worker=0 iters=13000 published=51477
ACO_MIGRATE_OUT worker=0 iters=13500 published=51477
ACO_PROGRESS worker=0 instance=pcb442 seed=1 iters=14000 best=51477 gap_bp=137
ACO_MIGRATE_OUT worker=0 iters=14500 published=51477
ACO_MIGRATE_OUT worker=0 iters=15000 published=51477
ACO_PROGRESS worker=0 instance=pcb442 seed=1 iters=16000 best=51477 gap_bp=137
ACO_MIGRATE_OUT worker=0 iters=18000 published=51477
ACO_PROGRESS worker=0 instance=pcb442 seed=1 iters=18000 best=51477 gap_bp=137
ACO_MIGRATE_OUT worker=0 iters=18500 published=51477
ACO_MIGRATE_OUT worker=0 iters=19000 published=51477
ACO_MIGRATE_OUT worker=0 iters=19500 published=51477
ACO_PROGRESS worker=0 instance=pcb442 seed=1 iters=20000 best=51477 gap_bp=137
ACO_MIGRATE_OUT worker=0 iters=20500 published=51477
ACO_MIGRATE_OUT worker=0 iters=21000 published=51477
ACO_PROGRESS worker=0 instance=pcb442 seed=1 iters=22000 best=51477 gap_bp=137
ACO_MIGRATE_OUT worker=0 iters=22500 published=51477
ACO_MIGRATE_OUT worker=0 iters=23000 published=51477
ACO_MIGRATE_OUT worker=0 iters=23500 published=51477
ACO_MIGRATE_OUT worker=0 iters=24000 published=51477
ACO_PROGRESS worker=0 instance=pcb442 seed=1 iters=24000 best=51477 gap_bp=137
ACO_MIGRATE_OUT worker=0 iters=24500 published=51477
ACO_MIGRATE_OUT worker=0 iters=26000 published=51477
ACO_PROGRESS worker=0 instance=pcb442 seed=1 iters=26000 best=51477 gap_bp=137
ACO_MIGRATE_OUT worker=0 iters=26500 published=51477
ACO_MIGRATE_OUT worker=0 iters=27500 published=51477
ACO_MIGRATE_OUT worker=0 iters=28000 published=51477
ACO_PROGRESS worker=0 instance=pcb442 seed=1 iters=28000 best=51477 gap_bp=137
ACO_MIGRATE_OUT worker=0 iters=29000 published=51477
ACO_MIGRATE_OUT worker=0 iters=30000 published=51477
ACO_PROGRESS worker=0 instance=pcb442 seed=1 iters=30000 best=51477 gap_bp=137
ACO_MIGRATE_OUT worker=0 iters=30500 published=51477
ACO_MIGRATE_OUT worker=0 iters=31500 published=51477
ACO_MIGRATE_OUT worker=0 iters=32000 published=51477
ACO_PROGRESS worker=0 instance=pcb442 seed=1 iters=32000 best=51477 gap_bp=137
ACO_MIGRATE_OUT worker=0 iters=32500 published=51477
ACO_MIGRATE_OUT worker=0 iters=33500 published=51477
ACO_MIGRATE_OUT worker=0 iters=34000 published=51477
ACO_PROGRESS worker=0 instance=pcb442 seed=1 iters=34000 best=51477 gap_bp=137
ACO_MIGRATE_OUT worker=0 iters=34500 published=51477
ACO_MIGRATE_OUT worker=0 iters=35500 published=51477
ACO_MIGRATE_OUT worker=0 iters=36000 published=51477
ACO_PROGRESS worker=0 instance=pcb442 seed=1 iters=36000 best=51477 gap_bp=137
ACO_MIGRATE_OUT worker=0 iters=37000 published=51477
ACO_MIGRATE_OUT worker=0 iters=37500 published=51477
ACO_PROGRESS worker=0 instance=pcb442 seed=1 iters=38000 best=51477 gap_bp=137
ACO_MIGRATE_OUT worker=0 iters=39500 published=51477
ACO_MIGRATE_OUT worker=0 iters=40000 published=51477
ACO_PROGRESS worker=0 instance=pcb442 seed=1 iters=40000 best=51477 gap_bp=137
ACO_MIGRATE_OUT worker=0 iters=40500 published=51477
ACO_MIGRATE_OUT worker=0 iters=41000 published=51477
ACO_MIGRATE_OUT worker=0 iters=41500 published=51477
ACO_MIGRATE_OUT worker=0 iters=42000 published=51477
ACO_PROGRESS worker=0 instance=pcb442 seed=1 iters=42000 best=51477 gap_bp=137
ACO_MIGRATE_OUT worker=0 iters=43000 published=51477
ACO_PROGRESS worker=0 instance=pcb442 seed=1 iters=44000 best=51477 gap_bp=137
ACO_MIGRATE_OUT worker=0 iters=44500 published=51477
ACO_MIGRATE_OUT worker=0 iters=45000 published=51477
ACO_MIGRATE_OUT worker=0 iters=45500 published=51477
ACO_MIGRATE_OUT worker=0 iters=46000 published=51477
ACO_PROGRESS worker=0 instance=pcb442 seed=1 iters=46000 best=51477 gap_bp=137
ACO_MIGRATE_OUT worker=0 iters=46500 published=51477
ACO_MIGRATE_OUT worker=0 iters=47000 published=51477
ACO_MIGRATE_OUT worker=0 iters=47500 published=51477
ACO_MIGRATE_OUT worker=0 iters=48000 published=51477
ACO_PROGRESS worker=0 instance=pcb442 seed=1 iters=48000 best=51477 gap_bp=137
ACO_MIGRATE_OUT worker=0 iters=48500 published=51477
ACO_MIGRATE_OUT worker=0 iters=49000 published=51477
ACO_MIGRATE_OUT worker=0 iters=49500 published=51477
ACO_MIGRATE_OUT worker=0 iters=50000 published=51477
ACO_PROGRESS worker=0 instance=pcb442 seed=1 iters=50000 best=51477 gap_bp=137
ACO_DONE worker=0 instance=pcb442 seed=1 iters=50000 best=51477 optimum=50778 gap_bp=137 ms=0 valid=1
