0.2632	[0.219259] en1: assigned 10.0.2.15
0.2650	[0.220644] page fill failed with (result:out of memory)
0.2651	
0.2664	*** signal 7 received by tid 2, errno 0, code 2
0.2671	    fault address 0x4019b0
0.2671	
0.2677	*** Thread context:
0.2690	lastvector: 000000000000000e (Page fault)
0.2698	     frame: ffffc000004ac000
0.2704	      type: thread
0.2712	active_cpu: 00000000ffffffff
0.2720	 stack top: 0000000000000000
0.2729	error code: 0000000000000014
0.2739	   address: 00000000004019b0
0.2739	
0.2747	   rax: 0000000000000000
0.2755	   rbx: 0000000000000000
0.2764	   rcx: 00000000004019b0
0.2772	   rdx: 0000000000000000
0.2781	   rsi: 0000000000000000
0.2791	   rdi: 0000000000000000
0.2799	   rbp: 0000000000000000
0.2808	   rsp: 00000000fffedde0
0.2817	    r8: 0000000000000000
0.2825	    r9: 0000000000000000
0.2834	   r10: 0000000000000000
0.2843	   r11: 0000000000000200
0.2851	   r12: 0000000000000000
0.2860	   r13: 0000000000000000
0.2868	   r14: 0000000000000000
0.2877	   r15: 0000000000000000
0.2885	   rip: 00000000004019b0
0.2894	rflags: 0000000000010202
0.2903	    ss: 000000000000002b
0.2911	    cs: 0000000000000023
0.2920	    ds: 0000000000000000
0.2929	    es: 0000000000000000
0.2937	fsbase: 0000000000000000
0.2946	gsbase: 0000000000000000
0.2946	
0.2950	frame trace:
0.2951	
0.2963	kernel load offset ffffffffda1a3000
0.2964	
0.2969	loaded klibs: 
0.2969	
0.2974	stack trace:
0.2986	00000000fffedde0:   0000000000000001
0.2999	00000000fffedde8:   00000000fffedf70
0.3012	00000000fffeddf0:   0000000000000000
0.3025	00000000fffeddf8:   00000000fffedf50
0.3037	00000000fffede00:   00000000fffedf40
0.3050	00000000fffede08:   00000000fffedf20
0.3063	00000000fffede10:   00000000fffedf00
0.3076	00000000fffede18:   00000000fffedee0
0.3088	00000000fffede20:   00000000fffeded0
0.3103	00000000fffede28:   0000000000000000
0.3115	00000000fffede30:   0000000000000021
0.3128	00000000fffede38:   000023abd22ec000
0.3141	00000000fffede40:   000000000000001a
0.3154	00000000fffede48:   0000000000000002
0.3166	00000000fffede50:   0000000000000009
0.3182	00000000fffede58:   00000000004019b0
0.3202	00000000fffede60:   0000000000000019
0.3218	00000000fffede68:   00000000fffedf80
0.3234	00000000fffede70:   0000000000000007
0.3250	00000000fffede78:   0000000000000000
0.3263	00000000fffede80:   0000000000000006
0.3277	00000000fffede88:   0000000000001000
0.3288	00000000fffede90:   0000000000000005
0.3298	00000000fffede98:   000000000000000a
0.3308	00000000fffedea0:   0000000000000004
0.3318	00000000fffedea8:   0000000000000038
0.3329	00000000fffedeb0:   0000000000000003
0.3339	00000000fffedeb8:   0000000000400040
0.3349	00000000fffedec0:   0000000000000000
0.3359	00000000fffedec8:   0000000000000000
0.3369	00000000fffeded0:   0000002f3d445750
0.3379	00000000fffeded8:   0000000000000000
0.3380	
0.3383	   core dump
0.3404	[0.295551] storage_shutdown error: no core generated: limit 0
